==============================================================================
Tests                                                                         
==============================================================================
Tests.testDemoParametrize :: To validate the Login form                       
==============================================================================
Invalidate usenames                                                   | PASS |
------------------------------------------------------------------------------
Invalid password                                                      | PASS |
------------------------------------------------------------------------------
Spcial characters                                                     | PASS |
------------------------------------------------------------------------------
Tests.testDemoParametrize :: To validate the Login form               | PASS |
3 tests, 3 passed, 0 failed
==============================================================================
Tests                                                                 | PASS |
3 tests, 3 passed, 0 failed
==============================================================================
Output:  C:\Users\Admin\PycharmProjects\RobotFrmework\Tests\pabot_results\4\output.xml
