==============================================================================
Tests                                                                         
==============================================================================
Tests.testDemo2 :: To validate the Login form                                 
==============================================================================
Validate Unsuccesful Login                                            | PASS |
------------------------------------------------------------------------------
Tests.testDemo2 :: To validate the Login form                         | PASS |
1 test, 1 passed, 0 failed
==============================================================================
Tests                                                                 | PASS |
1 test, 1 passed, 0 failed
==============================================================================
Output:  C:\Users\Admin\PycharmProjects\RobotFrmework\Tests\pabot_results\1\output.xml
