==============================================================================
Tests                                                                         
==============================================================================
Tests.testDemoCustom :: To validate the Login form                            
==============================================================================
Validate Unsuccesful Login                                            | PASS |
------------------------------------------------------------------------------
Validate cards display in the shopping page                           | PASS |
------------------------------------------------------------------------------
Select the form and navigate to child window                          | PASS |
------------------------------------------------------------------------------
Tests.testDemoCustom :: To validate the Login form                    | PASS |
3 tests, 3 passed, 0 failed
==============================================================================
Tests                                                                 | PASS |
3 tests, 3 passed, 0 failed
==============================================================================
Output:  C:\Users\Admin\PycharmProjects\RobotFrmework\Tests\pabot_results\3\output.xml
